// Jest Snapshot v1, https://goo.gl/fbAQLP

exports[`Stake Component should render correctly the component 1`] = `
"
<div class=\\"stake\\">
    <h3 class=\\"stake__title\\">Votre Mise</h3>
    <div class=\\"stake__input\\">
        <p>Choisir votre mise</p>
        <input type=\\"number\\" value=\\"\\">
    </div>
</div>
"
`;
