// Jest Snapshot v1, https://goo.gl/fbAQLP

exports[`Bets-Summary Component should render correctly summary when user made bets slip with 100€ stake 1`] = `
"
    <style>[object Object]</style>

    <div class=\\"summary\\">
        <h3 class=\\"summary__title\\">Récapitulatif de vos paris</h3>
        <div class=\\"summary__info\\">
            <p class=\\"summary__info--bets-slip\\">Nombre de paris joués: 2</p>
            <p class=\\"summary__info--potential-gains\\">Potentiel gain: 170 €</p>
        </div>
    </div>
    "
`;
