// Jest Snapshot v1, https://goo.gl/fbAQLP

exports[`BetItem Component should correctly render bet line 1`] = `
<div
  class="bet-item"
>
  
    
  <div
    class="bet-item__teams"
  >
    
        
    <img
      alt="Sport icon"
      src="test-file-stub"
    />
    
        
    <p>
      
            
      <span
        class="bet-item__teams--name"
      >
        Paris SG
      </span>
       - 
            
      <span
        class="bet-item__teams--name"
      >
        Lyon
      </span>
      
        
    </p>
    
    
  </div>
  

    
  <div
    class="bet-item__odds"
  >
    
        
    <button>
      
            
      <span
        class="bet-item__odds--name"
      >
        Paris SG
      </span>
      
            
      <span
        class="bet-item__odds--number"
      >
        1.12
      </span>
      
        
    </button>
    
        
    <button>
      
            
      <span
        class="bet-item__odds--name"
      >
        Draw
      </span>
      
            
      <span
        class="bet-item__odds--number"
      >
        2.50
      </span>
      
        
    </button>
    
        
    <button>
      
            
      <span
        class="bet-item__odds--name"
      >
        Lyon
      </span>
      
            
      <span
        class="bet-item__odds--number"
      >
        3.62
      </span>
      
        
    </button>
    
    
  </div>
  

</div>
`;
